
dell@Priya MINGW64 /d/devops/learngit (master)
$ ls
commands.txt

dell@Priya MINGW64 /d/devops/learngit (master)
$ gitstatus
bash: gitstatus: command not found

dell@Priya MINGW64 /d/devops/learngit (master)
$ git status
On branch master

No commits yet

Untracked files:
  (use "git add <file>..." to include in what will be committed)
        commands.txt

nothing added to commit but untracked files present (use "git add" to track)

dell@Priya MINGW64 /d/devops/learngit (master)
$ git add -A

dell@Priya MINGW64 /d/devops/learngit (master)
$ git commit
Author identity unknown

*** Please tell me who you are.

Run

  git config --global user.email "you@example.com"
  git config --global user.name "Your Name"

to set your account's default identity.
Omit --global to set the identity only in this repository.

fatal: unable to auto-detect email address (got 'dell@Priya.(none)')

dell@Priya MINGW64 /d/devops/learngit (master)
$  git config --global user.email "you@example.com"

dell@Priya MINGW64 /d/devops/learngit (master)
$ git config --global user.email "priya.pnair701@gmail.com"

dell@Priya MINGW64 /d/devops/learngit (master)
$ git config --global user.name "priya p nair"

dell@Priya MINGW64 /d/devops/learngit (master)
$ git commit -m "my first commit"
[master (root-commit) dae60ef] my first commit
 1 file changed, 1 insertion(+)
 create mode 100644 commands.txt

dell@Priya MINGW64 /d/devops/learngit (master)
$ git push origin master
fatal: Response status code does not indicate success: 401 (Unauthorized).

dell@Priya MINGW64 /d/devops/learngit (master)
$ git push origin master
Enumerating objects: 3, done.
Counting objects: 100% (3/3), done.
Delta compression using up to 8 threads
Compressing objects: 100% (2/2), done.
Writing objects: 100% (3/3), 272 bytes | 272.00 KiB/s, done.
Total 3 (delta 0), reused 0 (delta 0), pack-reused 0
To https://github.com/priyapnair/learngit.git
 * [new branch]      master -> master

dell@Priya MINGW64 /d/devops/learngit (master)
ubuntu@ip-172-31-47-7:~$ ls s*.doc
ls: cannot access 's*.doc': No such file or directory
ubuntu@ip-172-31-47-7:~$ ls
 f2   f3   f4   file1   filea   pp   sk  'skes^x  oyes'
FOREGROUND AND BACKGROUND PROCESS

ubuntu@ip-172-31-47-7:~$ ls f*
f2  f3  f4  file1  filea
ubuntu@ip-172-31-47-7:~$ ls f* &
[1] 46266
ubuntu@ip-172-31-47-7:~$ f2  f3  f4  file1  filea
ls
 f2   f3   f4   file1   filea   pp   sk  'skes^x  oyes'
[1]+  Done                    ls --color=auto f*

ubuntu@ip-172-31-47-7:~$ ps
    PID TTY          TIME CMD
  46360 pts/2    00:00:00 bash
  46371 pts/2    00:00:00 ps
ubuntu@ip-172-31-47-7:~$
ubuntu@ip-172-31-47-7:~$ ^C
ubuntu@ip-172-31-47-7:~$ ps
    PID TTY          TIME CMD
  46360 pts/2    00:00:00 bash
  46376 pts/2    00:00:00 ps
KILL COMMAND KILL BACKGROUND PROCESS
ubuntu@ip-172-31-47-7:~$ kill 46376
-bash: kill: (46376) - No such process
ubuntu@ip-172-31-47-7:~$ kill 46376
-bash: kill: (46376) - No such process
ubuntu@ip-172-31-47-7:~$ kill
kill: usage: kill [-s sigspec | -n signum | -sigspec] pid | jobspec ... or kill -l [sigspec]
PROCESS STATUS WITH PPID
ubuntu@ip-172-31-47-7:~$ ps -f
UID          PID    PPID  C STIME TTY          TIME CMD
ubuntu     46360   46359  0 14:45 pts/2    00:00:00 -bash
ubuntu     46380   46360  0 14:52 pts/2    00:00:00 ps -f
ubuntu@ip-172-31-47-7:~$ top
top - 14:56:22 up 4 days, 23:15,  3 users,  load average: 0.00, 0.00, 0.00
Tasks:  99 total,   1 running,  98 sl
Changing Ownership
The chown command changes the ownership of a file. The basic syntax is as follows −

$ chown user filelist
The value of the user can be either the name of a user on the system or the user id (uid) of a user on the system.

The following example will help you understand the concept −

$ chown amrood testfile
$
Changes the owner of the given file to the user amrood.

NOTE − The super user, root, has the unrestricted capability to change the ownership of any file but normal users can change the ownership of only those files that they own.

Changing Group Ownership
The chgrp command changes the group ownership of a file. The basic syntax is as follows −

$ chgrp group filelist
The value of group can be the name of a group on the system or the group ID (GID) of a group on the system.

Following example helps you understand the concept −

$ chgrp special testfile
$
Changes the group of the given file to special group
ubuntu@ip-172-31-47-7:~$ chgrp ubuntu pp



